#
# There is insufficient memory for the Java Runtime Environment to continue.
# Native memory allocation (mmap) failed to map 264241152 bytes. Error detail: G1 virtual space
# Possible reasons:
#   The system is out of physical RAM or swap space
#   This process is running with CompressedOops enabled, and the Java Heap may be blocking the growth of the native heap
# Possible solutions:
#   Reduce memory load on the system
#   Increase physical memory or swap space
#   Check if swap backing store is full
#   Decrease Java heap size (-Xmx/-Xms)
#   Decrease number of Java threads
#   Decrease Java thread stack sizes (-Xss)
#   Set larger code cache with -XX:ReservedCodeCacheSize=
#   JVM is running with Zero Based Compressed Oops mode in which the Java heap is
#     placed in the first 32GB address space. The Java Heap base address is the
#     maximum limit for the native heap growth. Please use -XX:HeapBaseMinAddress
#     to set the Java Heap base and to place the Java Heap above 32GB virtual address.
# This output file may be truncated or incomplete.
#
#  Out of Memory Error (os_windows.cpp:3703), pid=26704, tid=23744
#
# JRE version:  (23.0+37) (build )
# Java VM: Java HotSpot(TM) 64-Bit Server VM (23+37-2369, mixed mode, emulated-client, sharing, tiered, compressed oops, compressed class ptrs, g1 gc, windows-amd64)
# No core dump will be written. Minidumps are not enabled by default on client versions of Windows
#

---------------  S U M M A R Y ------------

Command Line: -XX:TieredStopAtLevel=1 com.ridelink.driver_vehicle_service.DriverVehicleServiceApplication

Host: 13th Gen Intel(R) Core(TM) i7-13620H, 16 cores, 15G,  Windows 11 , 64 bit Build 26100 (10.0.26100.9549)
Time: Wed Sep 30 20:48:12 2026 Sri Lanka Standard Time elapsed time: 0.046130 seconds (0d 0h 0m 0s)

---------------  T H R E A D  ---------------

Current thread (0x0000015f86fb16e0):  JavaThread "Unknown thread" [_thread_in_vm, id=23744, stack(0x0000004020c00000,0x0000004020d00000) (1024K)]

Stack: [0x0000004020c00000,0x0000004020d00000]
Native frames: (J=compiled Java code, j=interpreted, Vv=VM code, C=native code)
V  [jvm.dll+0x6e08a9]  (no source info available)
V  [jvm.dll+0x87da63]  (no source info available)
V  [jvm.dll+0x87feee]  (no source info available)
V  [jvm.dll+0x8805c3]  (no source info available)
V  [jvm.dll+0x27aee6]  (no source info available)
V  [jvm.dll+0x6dd1b5]  (no source info available)
V  [jvm.dll+0x6d103a]  (no source info available)
V  [jvm.dll+0x35b3ea]  (no source info available)
V  [jvm.dll+0x3637f6]  (no source info available)
V  [jvm.dll+0x34fd5e]  (no source info available)
V  [jvm.dll+0x34fff8]  (no source info available)
V  [jvm.dll+0x3289cc]  (no source info available)
V  [jvm.dll+0x32966e]  (no source info available)
V  [jvm.dll+0x8442e5]  (no source info available)
V  [jvm.dll+0x3b9848]  (no source info available)
V  [jvm.dll+0x82d0dc]  (no source info available)
V  [jvm.dll+0x454d4e]  (no source info available)
V  [jvm.dll+0x456bd1]  (no source info available)
C  [jli.dll+0x52a3]  (no source info available)
C  [ucrtbase.dll+0x2cd30]  (no source info available)
C  [KERNEL32.DLL+0x2cdf7]  (no source info available)
C  [ntdll.dll+0x7ee4c]  (no source info available)

Lock stack of current Java thread (top to bottom):


---------------  P R O C E S S  ---------------

Threads class SMR info:
_java_thread_list=0x00007ffb7dc03618, length=0, elements={
}

Java Threads: ( => current thread )
Total: 0

Other Threads:
  0x0000015f87024d80 WorkerThread "GC Thread#0"                     [id=2844, stack(0x0000004020d00000,0x0000004020e00000) (1024K)]
  0x0000015f8703a800 ConcurrentGCThread "G1 Main Marker"            [id=20092, stack(0x0000004020e00000,0x0000004020f00000) (1024K)]
  0x0000015f8703c230 WorkerThread "G1 Conc#0"                       [id=12224, stack(0x0000004020f00000,0x0000004021000000) (1024K)]

[error occurred during error reporting (printing all threads), id 0xc0000005, EXCEPTION_ACCESS_VIOLATION (0xc0000005) at pc=0x00007ffb7d34bfba]
VM state: not at safepoint (not fully initialized)

VM Mutex/Monitor currently owned by a thread:  ([mutex/lock_event])
[0x00007ffb7dc83a10] Heap_lock - owner thread: 0x0000015f86fb16e0

Heap address: 0x0000000704a00000, size: 4022 MB, Compressed Oops mode: Zero based, Oop shift amount: 3

CDS archive(s) mapped at: [0x0000000000000000-0x0000000000000000-0x0000000000000000), size 0, SharedBaseAddress: 0x0000000800000000, ArchiveRelocationMode: 1.
Narrow klass base: 0x0000000000000000, Narrow klass shift: 0, Narrow klass range: 0x0

GC Precious Log:
 CardTable entry size: 512
 Card Set container configuration: InlinePtr #cards 4 size 8 Array Of Cards #cards 16 size 48 Howl #buckets 8 coarsen threshold 3686 Howl Bitmap #cards 512 size 80 coarsen threshold 460 Card regions per heap region 1 cards per card region 4096

Heap:
 garbage-first heap   total reserved 4118528K, committed 0K, used 0K [0x0000000704a00000, 0x0000000800000000)
  region size 2048K, 0 young (0K), 0 survivors (0K)

[error occurred during error reporting (printing heap information), id 0xc0000005, EXCEPTION_ACCESS_VIOLATION (0xc0000005) at pc=0x00007ffb7d74c3b9]
GC Heap History (0 events):
No events

Dll operation events (1 events):
Event: 0.006 Loaded shared library C:\Program Files\Java\jdk-23\bin\java.dll

Deoptimization events (0 events):
No events

Classes loaded (0 events):
No events

Classes unloaded (0 events):
No events

Classes redefined (0 events):
No events

Internal exceptions (0 events):
No events

VM Operations (0 events):
No events

Memory protections (0 events):
No events

Nmethod flushes (0 events):
No events

Events (0 events):
No events


Dynamic libraries:
0x00007ff7497c0000 - 0x00007ff7497d0000 	C:\Program Files\Java\jdk-23\bin\java.exe
0x00007ffc5f800000 - 0x00007ffc5fa67000 	C:\WINDOWS\SYSTEM32\ntdll.dll
0x00007ffc5d910000 - 0x00007ffc5d9db000 	C:\WINDOWS\System32\KERNEL32.DLL
0x00007ffc5ce40000 - 0x00007ffc5d241000 	C:\WINDOWS\System32\KERNELBASE.dll
0x00007ffc5cce0000 - 0x00007ffc5ce2c000 	C:\WINDOWS\System32\ucrtbase.dll
0x00007ffc39670000 - 0x00007ffc39687000 	C:\Program Files\Java\jdk-23\bin\jli.dll
0x00007ffc2a9e0000 - 0x00007ffc2a9fb000 	C:\Program Files\Java\jdk-23\bin\VCRUNTIME140.dll
0x00007ffc5ed70000 - 0x00007ffc5ef47000 	C:\WINDOWS\System32\USER32.dll
0x00007ffc3dd20000 - 0x00007ffc3dfb0000 	C:\WINDOWS\WinSxS\amd64_microsoft.windows.common-controls_6595b64144ccf1df_6.0.26100.9549_none_3e0a0396e3330090\COMCTL32.dll
0x00007ffc5d250000 - 0x00007ffc5d277000 	C:\WINDOWS\System32\win32u.dll
0x00007ffc5dd00000 - 0x00007ffc5dda9000 	C:\WINDOWS\System32\msvcrt.dll
0x00007ffc5ddc0000 - 0x00007ffc5ddeb000 	C:\WINDOWS\System32\GDI32.dll
0x00007ffc5d280000 - 0x00007ffc5d3a8000 	C:\WINDOWS\System32\gdi32full.dll
0x00007ffc5d3b0000 - 0x00007ffc5d453000 	C:\WINDOWS\System32\msvcp_win.dll
0x00007ffc5d7d0000 - 0x00007ffc5d801000 	C:\WINDOWS\System32\IMM32.DLL
0x00007ffc47140000 - 0x00007ffc4714c000 	C:\Program Files\Java\jdk-23\bin\vcruntime140_1.dll
0x00007ffbd6310000 - 0x00007ffbd639e000 	C:\Program Files\Java\jdk-23\bin\msvcp140.dll
0x00007ffb7d010000 - 0x00007ffb7dd5f000 	C:\Program Files\Java\jdk-23\bin\server\jvm.dll
0x00007ffc5d530000 - 0x00007ffc5d5eb000 	C:\WINDOWS\System32\ADVAPI32.dll
0x00007ffc5dac0000 - 0x00007ffc5db68000 	C:\WINDOWS\System32\sechost.dll
0x00007ffc5e700000 - 0x00007ffc5e818000 	C:\WINDOWS\System32\RPCRT4.dll
0x00007ffc5dc70000 - 0x00007ffc5dcf1000 	C:\WINDOWS\System32\WS2_32.dll
0x00007ffc5b880000 - 0x00007ffc5b8de000 	C:\WINDOWS\SYSTEM32\POWRPROF.dll
0x00007ffc4b4a0000 - 0x00007ffc4b4d7000 	C:\WINDOWS\SYSTEM32\WINMM.dll
0x00007ffc4ffa0000 - 0x00007ffc4ffab000 	C:\WINDOWS\SYSTEM32\VERSION.dll
0x00007ffc5b860000 - 0x00007ffc5b875000 	C:\WINDOWS\SYSTEM32\UMPDC.dll
0x00007ffc5b730000 - 0x00007ffc5b74b000 	C:\WINDOWS\SYSTEM32\kernel.appcore.dll
0x00007ffc45e70000 - 0x00007ffc45e7a000 	C:\Program Files\Java\jdk-23\bin\jimage.dll
0x00007ffc5a080000 - 0x00007ffc5a2cc000 	C:\WINDOWS\SYSTEM32\DBGHELP.DLL
0x00007ffc5e8e0000 - 0x00007ffc5ec6a000 	C:\WINDOWS\System32\combase.dll
0x00007ffc5e590000 - 0x00007ffc5e669000 	C:\WINDOWS\System32\OLEAUT32.dll
0x00007ffc3c960000 - 0x00007ffc3c99b000 	C:\WINDOWS\SYSTEM32\dbgcore.DLL
0x00007ffc5cc20000 - 0x00007ffc5cccc000 	C:\WINDOWS\System32\bcryptPrimitives.dll
0x00007ffc20070000 - 0x00007ffc2008e000 	C:\Program Files\Java\jdk-23\bin\java.dll
0x00007ffc5e280000 - 0x00007ffc5e41a000 	C:\WINDOWS\System32\ole32.dll
0x00007ffc5ef50000 - 0x00007ffc5f6ec000 	C:\WINDOWS\System32\SHELL32.dll

dbghelp: loaded successfully - version: 4.0.5 - missing functions: none
symbol engine: initialized successfully - sym options: 0x614 - pdb path: .;C:\Program Files\Java\jdk-23\bin;C:\WINDOWS\SYSTEM32;C:\WINDOWS\WinSxS\amd64_microsoft.windows.common-controls_6595b64144ccf1df_6.0.26100.9549_none_3e0a0396e3330090;C:\Program Files\Java\jdk-23\bin\server

VM Arguments:
jvm_args: -XX:TieredStopAtLevel=1 
java_command: com.ridelink.driver_vehicle_service.DriverVehicleServiceApplication
java_class_path (initial): E:\New folder\IT3130_RideLink_Backend\driver-vehicle-service\target\classes;C:\Users\thisa\.m2\repository\org\springframework\boot\spring-boot-mongodb\4.1.1\spring-boot-mongodb-4.1.1.jar;C:\Users\thisa\.m2\repository\org\mongodb\mongodb-driver-sync\5.8.1\mongodb-driver-sync-5.8.1.jar;C:\Users\thisa\.m2\repository\org\mongodb\bson\5.8.1\bson-5.8.1.jar;C:\Users\thisa\.m2\repository\org\mongodb\mongodb-driver-core\5.8.1\mongodb-driver-core-5.8.1.jar;C:\Users\thisa\.m2\repository\org\mongodb\bson-record-codec\5.8.1\bson-record-codec-5.8.1.jar;C:\Users\thisa\.m2\repository\org\springframework\boot\spring-boot-data-mongodb\4.1.1\spring-boot-data-mongodb-4.1.1.jar;C:\Users\thisa\.m2\repository\org\springframework\boot\spring-boot-data-commons\4.1.1\spring-boot-data-commons-4.1.1.jar;C:\Users\thisa\.m2\repository\org\springframework\boot\spring-boot-persistence\4.1.1\spring-boot-persistence-4.1.1.jar;C:\Users\thisa\.m2\repository\org\springframework\data\spring-data-commons\4.1.1\spring-data-commons-4.1.1.jar;C:\Users\thisa\.m2\repository\org\springframework\boot\spring-boot-transaction\4.1.1\spring-boot-transaction-4.1.1.jar;C:\Users\thisa\.m2\repository\org\springframework\spring-tx\7.0.9\spring-tx-7.0.9.jar;C:\Users\thisa\.m2\repository\org\springframework\data\spring-data-mongodb\5.1.1\spring-data-mongodb-5.1.1.jar;C:\Users\thisa\.m2\repository\org\springframework\spring-beans\7.0.9\spring-beans-7.0.9.jar;C:\Users\thisa\.m2\repository\org\springframework\spring-expression\7.0.9\spring-expression-7.0.9.jar;C:\Users\thisa\.m2\repository\ch\qos\logback\logback-classic\1.5.38\logback-classic-1.5.38.jar;C:\Users\thisa\.m2\repository\ch\qos\logback\logback-core\1.5.38\logback-core-1.5.38.jar;C:\Users\thisa\.m2\repository\org\apache\logging\log4j\log4j-to-slf4j\2.25.5\log4j-to-slf4j-2.25.5.jar;C:\Users\thisa\.m2\repository\org\apache\logging\log4j\log4j-api\2.25.5\log4j-api-2.25.5.jar;C:\Users\thisa\.m2\repository\org\slf4j\jul-to-slf4j\2.0.18\jul-to-slf4j-2.0.18.jar;C:\Users\thisa\.m2\repository\jakarta\annotation\jakarta.annotation-api\3.0.0\jakarta.annotation-api-3.0.0.jar;C:\Users\thisa\.m2\repository\org\yaml\snakeyaml\2.6\snakeyaml-2.6.jar;C:\Users\thisa\.m2\repository\org\springframework\boot\spring-boot-validation\4.1.1\spring-boot-validation-4.1.1.jar;C:\Users\thisa\.m2\repository\org\apache\tomcat\embed\tomcat-embed-el\11.0.24\tomcat-embed-el-11.0.24.jar;C:\Users\thisa\.m2\repository\org\hibernate\validator\hibernate-validator\9.1.3.Final\hibernate-validator-9.1.3.Final.jar;C:\Users\thisa\.m2\repository\jakarta\validation\jakarta.validation-api\3.1.1\jakarta.validation-api-3.1.1.jar;C:\Users\thisa\.m2\repository\org\jboss\logging\jboss-logging\3.6.3.Final\jboss-logging-3.6.3.Final.jar;C:\Users\thisa\.m2\repository\com\fasterxml\classmate\1.7.3\classmate-1.7.3.jar;C:\Users\thisa\.m2\repository\org\springframework\boot\spring-boot-jackson\4.1.1\spring-boot-jackson-4.1.1.jar;C:\Users\thisa\.m2\repository\tools\jackson\core\jackson-databind\3.1.5\jackson-databind-3.1.5.jar;C:\Users\thisa\.m2\repository\tools\jackson\core\jackson-core\3.1.5\jackson-core-3.1.5.jar;C:\Users\thisa\.m2\repository\org\apache\tomcat\embed\tomcat-embed-core\11.0.24\tomcat-embed-core-11.0.24.jar;C:\Users\thisa\.m2\repository\org\apache\tomcat\embed\tomcat-embed-websocket\11.0.24\tomcat-embed-websocket-11.0.24.jar;C:\Users\thisa\.m2\repository\org\springframework\boot\spring-boot-tomcat\4.1.1\spring-boot-tomcat-4.1.1.jar;C:\Users\thisa\.m2\repository\org\springframework\boot\spring-boot-http-converter\4.1.1\spring-boot-http-converter-4.1.1.jar;C:\Users\thisa\.m2\repository\org\springframework\spring-web\7.0.9\spring-web-7.0.9.jar;C:\Users\thisa\.m2\repository\io\micrometer\micrometer-observation\1.17.1\micrometer-observation-1.17.1.jar;C:\Users\thisa\.m2\repository\io\micrometer\micrometer-commons\1.17.1\micrometer-commons-1.17.1.jar;C:\Users\thisa\.m2\repository\org\springframework\boot\spring-boot-webmvc\4.1.1\spring-boot-webmvc-4.1.1.jar;C:\Users\thisa\.m2\repository\org\springframework\boot\spring-boot-servlet\4.1.1\spring-boot-servlet-4.1.1.jar;C:\Users\thisa\.m2\repository\org\springframework\spring-webmvc\7.0.9\spring-webmvc-7.0.9.jar;C:\Users\thisa\.m2\repository\org\springframework\spring-aop\7.0.9\spring-aop-7.0.9.jar;C:\Users\thisa\.m2\repository\org\springdoc\springdoc-openapi-starter-webmvc-ui\3.1.0\springdoc-openapi-starter-webmvc-ui-3.1.0.jar;C:\Users\thisa\.m2\repository\org\springdoc\springdoc-openapi-starter-webmvc-api\3.1.0\springdoc-openapi-starter-webmvc-api-3.1.0.jar;C:\Users\thisa\.m2\repository\org\springdoc\springdoc-openapi-starter-common\3.1.0\springdoc-openapi-starter-common-3.1.0.jar;C:\Users\thisa\.m2\repository\io\swagger\core\v3\swagger-core-jakarta\2.2.52\swagger-core-jakarta-2.2.52.jar;C:\Users\thisa\.m2\repository\org\apache\commons\commons-lang3\3.20.0\commons-lang3-3.20.0.jar;C:\Users\thisa\.m2\repository\io\swagger\core\v3\swagger-annotations-jakarta\2.2.52\swagger-annotations-jakarta-2.2.52.jar;C:\Users\thisa\.m2\repository\io\swagger\core\v3\swagger-models-jakarta\2.2.52\swagger-models-jakarta-2.2.52.jar;C:\Users\thisa\.m2\repository\com\fasterxml\jackson\dataformat\jackson-dataformat-yaml\2.21.5\jackson-dataformat-yaml-2.21.5.jar;C:\Users\thisa\.m2\repository\org\springframework\boot\spring-boot-web-server\4.1.1\spring-boot-web-server-4.1.1.jar;C:\Users\thisa\.m2\repository\org\webjars\swagger-ui\5.32.11\swagger-ui-5.32.11.jar;C:\Users\thisa\.m2\repository\org\webjars\webjars-locator-lite\1.1.4\webjars-locator-lite-1.1.4.jar;C:\Users\thisa\.m2\repository\org\jspecify\jspecify\1.0.1\jspecify-1.0.1.jar;C:\Users\thisa\.m2\repository\org\springframework\boot\spring-boot-devtools\4.1.1\spring-boot-devtools-4.1.1.jar;C:\Users\thisa\.m2\repository\org\springframework\boot\spring-boot\4.1.1\spring-boot-4.1.1.jar;C:\Users\thisa\.m2\repository\org\springframework\spring-core\7.0.9\spring-core-7.0.9.jar;C:\Users\thisa\.m2\repository\commons-logging\commons-logging\1.3.6\commons-logging-1.3.6.jar;C:\Users\thisa\.m2\repository\org\springframework\spring-context\7.0.9\spring-context-7.0.9.jar;C:\Users\thisa\.m2\repository\org\springframework\boot\spring-boot-autoconfigure\4.1.1\spring-boot-autoconfigure-4.1.1.jar;C:\Users\thisa\.m2\repository\jakarta\xml\bind\jakarta.xml.bind-api\4.0.5\jakarta.xml.bind-api-4.0.5.jar;C:\Users\thisa\.m2\repository\jakarta\activation\jakarta.activation-api\2.1.4\jakarta.activation-api-2.1.4.jar;C:\Users\thisa\.m2\repository\org\springframework\cloud\spring-cloud-starter-netflix-eureka-client\5.0.2\spring-cloud-starter-netflix-eureka-client-5.0.2.jar;C:\Users\thisa\.m2\repository\org\springframework\cloud\spring-cloud-starter\5.0.3\spring-cloud-starter-5.0.3.jar;C:\Users\thisa\.m2\repository\org\springframework\cloud\spring-cloud-context\5.0.3\spring-cloud-context-5.0.3.jar;C:\Users\thisa\.m2\repository\org\springframework\security\spring-security-crypto\7.1.1\spring-security-crypto-7.1.1.jar;C:\Users\thisa\.m2\repository\org\springframework\cloud\spring-cloud-commons\5.0.3\spring-cloud-commons-5.0.3.jar;C:\Users\thisa\.m2\repository\org\bouncycastle\bcprov-jdk18on\1.85.2\bcprov-jdk18on-1.85.2.jar;C:\Users\thisa\.m2\repository\org\springframework\cloud\spring-cloud-netflix-eureka-client\5.0.2\spring-cloud-netflix-eureka-client-5.0.2.jar;C:\Users\thisa\.m2\repository\org\springframework\boot\spring-boot-jackson2\4.1.1\spring-boot-jackson2-4.1.1.jar;C:\Users\thisa\.m2\repository\com\fasterxml\jackson\datatype\jackson-datatype-jdk8\2.21.5\jackson-datatype-jdk8-2.21.5.jar;C:\Users\thisa\.m2\repository\com\fasterxml\jackson\datatype\jackson-datatype-jsr310\2.21.5\jackson-datatype-jsr310-2.21.5.jar;C:\Users\thisa\.m2\repository\com\fasterxml\jackson\module\jackson-module-parameter-names\2.21.5\jackson-module-parameter-names-2.21.5.jar;C:\Users\thisa\.m2\repository\org\apache\httpcomponents\client5\httpclient5\5.6.4\httpclient5-5.6.4.jar;C:\Users\thisa\.m2\repository\org\apache\httpcomponents\core5\httpcore5\5.4.3\httpcore5-5.4.3.jar;C:\Users\thisa\.m2\repository\org\apache\httpcomponents\core5\httpcore5-h2\5.4.3\httpcore5-h2-5.4.3.jar;C:\Users\thisa\.m2\repository\com\netflix\eureka\eureka-client\2.0.6\eureka-client-2.0.6.jar;C:\Users\thisa\.m2\repository\com\thoughtworks\xstream\xstream\1.4.21\xstream-1.4.21.jar;C:\Users\thisa\.m2\repository\io\github\x-stream\mxparser\1.2.2\mxparser-1.2.2.jar;C:\Users\thisa\.m2\repository\xmlpull\xmlpull\1.1.3.1\xmlpull-1.1.3.1.jar;C:\Users\thisa\.m2\repository\jakarta\ws\rs\jakarta.ws.rs-api\4.0.0\jakarta.ws.rs-api-4.0.0.jar;C:\Users\thisa\.m2\repository\jakarta\inject\jakarta.inject-api\2.0.1\jakarta.inject-api-2.0.1.jar;C:\Users\thisa\.m2\repository\com\netflix\spectator\spectator-api\1.7.3\spectator-api-1.7.3.jar;C:\Users\thisa\.m2\repository\org\slf4j\slf4j-api\2.0.18\slf4j-api-2.0.18.jar;C:\Users\thisa\.m2\repository\org\apache\httpcomponents\httpclient\4.5.3\httpclient-4.5.3.jar;C:\Users\thisa\.m2\repository\org\apache\httpcomponents\httpcore\4.4.16\httpcore-4.4.16.jar;C:\Users\thisa\.m2\repository\commons-codec\commons-codec\1.21.0\commons-codec-1.21.0.jar;C:\Users\thisa\.m2\repository\com\fasterxml\jackson\core\jackson-annotations\2.21\jackson-annotations-2.21.jar;C:\Users\thisa\.m2\repository\com\fasterxml\jackson\core\jackson-core\2.21.5\jackson-core-2.21.5.jar;C:\Users\thisa\.m2\repository\com\fasterxml\jackson\core\jackson-databind\2.21.5\jackson-databind-2.21.5.jar;C:\Users\thisa\.m2\repository\com\netflix\netflix-commons\netflix-eventbus\0.3.0\netflix-eventbus-0.3.0.jar;C:\Users\thisa\.m2\repository\com\netflix\netflix-commons\netflix-infix\0.3.0\netflix-infix-0.3.0.jar;C:\Users\thisa\.m2\repository\commons-jxpath\commons-jxpath\1.3\commons-jxpath-1.3.jar;C:\Users\thisa\.m2\repository\joda-time\joda-time\2.3\joda-time-2.3.jar;C:\Users\thisa\.m2\repository\org\antlr\antlr-runtime\3.4\antlr-runtime-3.4.jar;C:\Users\thisa\.m2\repository\org\antlr\stringtemplate\3.2.1\stringtemplate-3.2.1.jar;C:\Users\thisa\.m2\repository\antlr\antlr\2.7.7\antlr-2.7.7.jar;C:\Users\thisa\.m2\repository\com\google\code\gson\gson\2.13.2\gson-2.13.2.jar;C:\Users\thisa\.m2\repository\com\google\errorprone\error_prone_annotations\2.41.0\error_prone_annotations-2.41.0.jar;C:\Users\thisa\.m2\repository\com\netflix\servo\servo-core\0.5.3\servo-core-0.5.3.jar;C:\Users\thisa\.m2\repository\org\apache\commons\commons-math\2.2\commons-math-2.2.jar;C:\Users\thisa\.m2\repository\javax\annotation\javax.annotation-api\1.2\javax.annotation-api-1.2.jar;C:\Users\thisa\.m2\repository\org\codehaus\jettison\jettison\1.5.4\jettison-1.5.4.jar;C:\Users\thisa\.m2\repository\org\springframework\cloud\spring-cloud-starter-loadbalancer\5.0.3\spring-cloud-starter-loadbalancer-5.0.3.jar;C:\Users\thisa\.m2\repository\org\springframework\cloud\spring-cloud-loadbalancer\5.0.3\spring-cloud-loadbalancer-5.0.3.jar;C:\Users\thisa\.m2\repository\io\projectreactor\reactor-core\3.8.7\reactor-core-3.8.7.jar;C:\Users\thisa\.m2\repository\org\reactivestreams\reactive-streams\1.0.4\reactive-streams-1.0.4.jar;C:\Users\thisa\.m2\repository\io\projectreactor\addons\reactor-extra\3.6.1\reactor-extra-3.6.1.jar;C:\Users\thisa\.m2\repository\org\springframework\boot\spring-boot-cache\4.1.1\spring-boot-cache-4.1.1.jar;C:\Users\thisa\.m2\repository\org\springframework\spring-context-support\7.0.9\spring-context-support-7.0.9.jar;C:\Users\thisa\.m2\repository\com\stoyanr\evictor\1.0.0\evictor-1.0.0.jar
Launcher Type: SUN_STANDARD

[Global flags]
     intx CICompilerCount                          = 12                                        {product} {ergonomic}
     uint ConcGCThreads                            = 3                                         {product} {ergonomic}
     uint G1ConcRefinementThreads                  = 13                                        {product} {ergonomic}
   size_t G1HeapRegionSize                         = 2097152                                   {product} {ergonomic}
   size_t InitialHeapSize                          = 264241152                                 {product} {ergonomic}
   size_t MarkStackSize                            = 4194304                                   {product} {ergonomic}
   size_t MarkStackSizeMax                         = 536870912                                 {product} {ergonomic}
   size_t MaxHeapSize                              = 4217372672                                {product} {ergonomic}
   size_t MinHeapDeltaBytes                        = 2097152                                   {product} {ergonomic}
   size_t MinHeapSize                              = 8388608                                   {product} {ergonomic}
    uintx NonNMethodCodeHeapSize                   = 4096                                   {pd product} {ergonomic}
    uintx NonProfiledCodeHeapSize                  = 0                                      {pd product} {ergonomic}
     bool ProfileInterpreter                       = false                                  {pd product} {command line}
    uintx ProfiledCodeHeapSize                     = 0                                      {pd product} {ergonomic}
   size_t SoftMaxHeapSize                          = 4217372672                             {manageable} {ergonomic}
     intx TieredStopAtLevel                        = 1                                         {product} {command line}
     bool UseCompressedOops                        = true                           {product lp64_product} {ergonomic}
     bool UseG1GC                                  = true                                      {product} {ergonomic}
     bool UseLargePagesIndividualAllocation        = false                                  {pd product} {ergonomic}

Logging:
Log output configuration:
 #0: stdout all=warning uptime,level,tags foldmultilines=false
 #1: stderr all=off uptime,level,tags foldmultilines=false

Environment Variables:
PATH=C:\Program Files\Microsoft MPI\Bin\;C:\Program Files\Common Files\Oracle\Java\javapath;C:\Windows\system32;C:\Windows;C:\Windows\System32\Wbem;C:\Windows\System32\WindowsPowerShell\v1.0\;C:\Windows\System32\OpenSSH\;C:\Program Files (x86)\NVIDIA Corporation\PhysX\Common;C:\WINDOWS\system32;C:\WINDOWS;C:\WINDOWS\System32\Wbem;C:\WINDOWS\System32\WindowsPowerShell\v1.0\;C:\WINDOWS\System32\OpenSSH\;C:\Program Files\NVIDIA Corporation\NVIDIA App\NvDLISR;C:\Program Files (x86)\Microsoft SQL Server\160\DTS\Binn\;C:\Program Files\Azure Data Studio\bin;C:\Program Files (x86)\Microsoft SQL Server\160\Tools\Binn\;C:\Program Files\Microsoft SQL Server\160\Tools\Binn\;C:\Program Files\Microsoft SQL Server\Client SDK\ODBC\170\Tools\Binn\;C:\Program Files\Microsoft SQL Server\160\DTS\Binn\;C:\Program Files\Git\cmd;C:\Program Files\nodejs\;C:\Program Files\PyManager\;C:\Program Files\Cloudflare\Cloudflare WARP\;C:\Users\thisa\PhP;C:\Users\thisa\AppData\Local\Microsoft\WindowsApps;C:\Program Files\Azure Data Studio\bin;C:\Users\thisa\AppData\Roaming\npm;C:\Users\thisa\AppData\Local\Programs\Microsoft VS Code\bin;C:\Users\thisa\AppData\Local\Programs\Antigravity\bin;D:\;C:\Users\thisa\AppData\Local\GitHubDesktop\bin;E:\Antigravity IDE\bin;C:\Users\thisa\AppData\Local\Programs\Antigravity IDE\bin;c:\Users\thisa\.antigravity-ide\extensions\vscjava.vscode-java-debug-0.59.0-universal\bundled\scripts\noConfigScripts
USERNAME=thisa
LANG=en_US.UTF-8
OS=Windows_NT
PROCESSOR_IDENTIFIER=Intel64 Family 6 Model 186 Stepping 2, GenuineIntel
TMP=C:\Users\thisa\AppData\Local\Temp
TEMP=C:\Users\thisa\AppData\Local\Temp




Periodic native trim disabled

---------------  S Y S T E M  ---------------

OS:
 Windows 11 , 64 bit Build 26100 (10.0.26100.9549)
OS uptime: 0 days 8:53 hours
Hyper-V role detected

CPU: total 16 (initial active 16) (8 cores per cpu, 2 threads per core) family 6 model 186 stepping 2 microcode 0x410e, cx8, cmov, fxsr, ht, mmx, 3dnowpref, sse, sse2, sse3, ssse3, sse4.1, sse4.2, popcnt, lzcnt, tsc, tscinvbit, avx, avx2, aes, erms, clmul, bmi1, bmi2, adx, sha, fma, vzeroupper, clflush, clflushopt, clwb, hv, serialize, rdtscp, rdpid, fsrm, gfni, f16c, cet_ibt, cet_ss
Processor Information for processor 0
  Max Mhz: 2400, Current Mhz: 2400, Mhz Limit: 2400
Processor Information for processor 1
  Max Mhz: 2400, Current Mhz: 2400, Mhz Limit: 2400
Processor Information for processor 2
  Max Mhz: 2400, Current Mhz: 2400, Mhz Limit: 2400
Processor Information for processor 3
  Max Mhz: 2400, Current Mhz: 2400, Mhz Limit: 2400
Processor Information for processor 4
  Max Mhz: 2400, Current Mhz: 2400, Mhz Limit: 2400
Processor Information for processor 5
  Max Mhz: 2400, Current Mhz: 2400, Mhz Limit: 2400
Processor Information for processor 6
  Max Mhz: 2400, Current Mhz: 2400, Mhz Limit: 2400
Processor Information for processor 7
  Max Mhz: 2400, Current Mhz: 2400, Mhz Limit: 2400
Processor Information for processor 8
  Max Mhz: 2400, Current Mhz: 2400, Mhz Limit: 2400
Processor Information for processor 9
  Max Mhz: 2400, Current Mhz: 2400, Mhz Limit: 2400
Processor Information for processor 10
  Max Mhz: 2400, Current Mhz: 2400, Mhz Limit: 2400
Processor Information for processor 11
  Max Mhz: 2400, Current Mhz: 2400, Mhz Limit: 2400
Processor Information for processor 12
  Max Mhz: 2400, Current Mhz: 2400, Mhz Limit: 2400
Processor Information for processor 13
  Max Mhz: 2400, Current Mhz: 1466, Mhz Limit: 2400
Processor Information for processor 14
  Max Mhz: 2400, Current Mhz: 2400, Mhz Limit: 2400
Processor Information for processor 15
  Max Mhz: 2400, Current Mhz: 2400, Mhz Limit: 2400

Memory: 4k page, system-wide physical 16087M (4222M free)
TotalPageFile size 65239M (AvailPageFile size 161M)
current process WorkingSet (physical memory assigned to process): 13M, peak: 13M
current process commit charge ("private bytes"): 66M, peak: 318M

vm_info: Java HotSpot(TM) 64-Bit Server VM (23+37-2369) for windows-amd64 JRE (23+37-2369), built on 2024-08-20T16:01:23Z with MS VC++ 17.6 (VS2022)

END.
